// Jest Snapshot v1, https://goo.gl/fbAQLP

exports[`Should MovieCard render correctly 1`] = `
<article
  className="small-movie-card catalog__movies-card"
  onMouseOver={[Function]}
>
  <div
    className="small-movie-card__image"
  >
    <img
      alt="Fantastic Beasts: The Crimes of Grindelwald"
      height="175"
      src="movie-image"
      width="280"
    />
  </div>
  <h3
    className="small-movie-card__title"
  >
    <a
      className="small-movie-card__link"
      href="movie-page.html"
      onClick={[Function]}
    >
      Fantastic Beasts
    </a>
  </h3>
</article>
`;
